Archive member included because of file (symbol)

/usr/lib64/libc_nonshared.a(elf-init.oS)
                              /usr/lib/gcc/x86_64-redhat-linux/4.4.7/../../../../lib64/crt1.o (__libc_csu_fini)

Discarded input sections

 .note.GNU-stack
                0x0000000000000000        0x0 /usr/lib/gcc/x86_64-redhat-linux/4.4.7/../../../../lib64/crt1.o
 .note.GNU-stack
                0x0000000000000000        0x0 /usr/lib/gcc/x86_64-redhat-linux/4.4.7/../../../../lib64/crti.o
 .note.GNU-stack
                0x0000000000000000        0x0 /usr/lib/gcc/x86_64-redhat-linux/4.4.7/crtbegin.o
 .note.GNU-stack
                0x0000000000000000        0x0 /tmp/cc8iFhLk.o
 .note.GNU-stack
                0x0000000000000000        0x0 /usr/lib64/libc_nonshared.a(elf-init.oS)
 .note.GNU-stack
                0x0000000000000000        0x0 /usr/lib/gcc/x86_64-redhat-linux/4.4.7/crtend.o
 .note.GNU-stack
                0x0000000000000000        0x0 /usr/lib/gcc/x86_64-redhat-linux/4.4.7/../../../../lib64/crtn.o

Memory Configuration

Name             Origin             Length             Attributes
*default*        0x0000000000000000 0xffffffffffffffff

Linker script and memory map

LOAD /usr/lib/gcc/x86_64-redhat-linux/4.4.7/../../../../lib64/crt1.o
LOAD /usr/lib/gcc/x86_64-redhat-linux/4.4.7/../../../../lib64/crti.o
LOAD /usr/lib/gcc/x86_64-redhat-linux/4.4.7/crtbegin.o
LOAD /tmp/cc8iFhLk.o
LOAD /usr/lib/gcc/x86_64-redhat-linux/4.4.7/libstdc++.so
LOAD /usr/lib/gcc/x86_64-redhat-linux/4.4.7/../../../../lib64/libm.so
LOAD /usr/lib/gcc/x86_64-redhat-linux/4.4.7/libgcc_s.so
LOAD /usr/lib/gcc/x86_64-redhat-linux/4.4.7/libgcc.a
LOAD /usr/lib/gcc/x86_64-redhat-linux/4.4.7/../../../../lib64/libc.so
START GROUP
LOAD /lib64/libc.so.6
LOAD /usr/lib64/libc_nonshared.a
LOAD /lib64/ld-linux-x86-64.so.2
END GROUP
LOAD /usr/lib/gcc/x86_64-redhat-linux/4.4.7/libgcc_s.so
LOAD /usr/lib/gcc/x86_64-redhat-linux/4.4.7/libgcc.a
LOAD /usr/lib/gcc/x86_64-redhat-linux/4.4.7/crtend.o
LOAD /usr/lib/gcc/x86_64-redhat-linux/4.4.7/../../../../lib64/crtn.o
                0x0000000000400000                PROVIDE (__executable_start, 0x400000)
                0x0000000000400200                . = (0x400000 + SIZEOF_HEADERS)

.interp         0x0000000000400200       0x1c
 *(.interp)
 .interp        0x0000000000400200       0x1c /usr/lib/gcc/x86_64-redhat-linux/4.4.7/../../../../lib64/crt1.o

.note.ABI-tag   0x000000000040021c       0x20
 .note.ABI-tag  0x000000000040021c       0x20 /usr/lib/gcc/x86_64-redhat-linux/4.4.7/../../../../lib64/crt1.o

.note.gnu.build-id
                0x000000000040023c       0x24
 *(.note.gnu.build-id)
 .note.gnu.build-id
                0x000000000040023c       0x24 /usr/lib/gcc/x86_64-redhat-linux/4.4.7/../../../../lib64/crt1.o

.hash
 *(.hash)

.gnu.hash       0x0000000000400260       0x34
 *(.gnu.hash)
 .gnu.hash      0x0000000000400260       0x34 /usr/lib/gcc/x86_64-redhat-linux/4.4.7/../../../../lib64/crt1.o

.dynsym         0x0000000000400298      0x138
 *(.dynsym)
 .dynsym        0x0000000000400298      0x138 /usr/lib/gcc/x86_64-redhat-linux/4.4.7/../../../../lib64/crt1.o

.dynstr         0x00000000004003d0      0x174
 *(.dynstr)
 .dynstr        0x00000000004003d0      0x174 /usr/lib/gcc/x86_64-redhat-linux/4.4.7/../../../../lib64/crt1.o

.gnu.version    0x0000000000400544       0x1a
 *(.gnu.version)
 .gnu.version   0x0000000000400544       0x1a /usr/lib/gcc/x86_64-redhat-linux/4.4.7/../../../../lib64/crt1.o

.gnu.version_d  0x0000000000400560        0x0 load address 0x000000000040055e
 *(.gnu.version_d)
 .gnu.version_d
                0x0000000000000000        0x0 /usr/lib/gcc/x86_64-redhat-linux/4.4.7/../../../../lib64/crt1.o

.gnu.version_r  0x0000000000400560       0x50
 *(.gnu.version_r)
 .gnu.version_r
                0x0000000000400560       0x50 /usr/lib/gcc/x86_64-redhat-linux/4.4.7/../../../../lib64/crt1.o

.rela.dyn       0x00000000004005b0       0x30
 *(.rela.init)
 *(.rela.text .rela.text.* .rela.gnu.linkonce.t.*)
 .rela.text     0x0000000000000000        0x0 /usr/lib/gcc/x86_64-redhat-linux/4.4.7/../../../../lib64/crt1.o
 *(.rela.fini)
 *(.rela.rodata .rela.rodata.* .rela.gnu.linkonce.r.*)
 *(.rela.data .rela.data.* .rela.gnu.linkonce.d.*)
 *(.rela.tdata .rela.tdata.* .rela.gnu.linkonce.td.*)
 *(.rela.tbss .rela.tbss.* .rela.gnu.linkonce.tb.*)
 *(.rela.ctors)
 *(.rela.dtors)
 *(.rela.got)
 .rela.got      0x00000000004005b0       0x18 /usr/lib/gcc/x86_64-redhat-linux/4.4.7/../../../../lib64/crt1.o
 *(.rela.sharable_data .rela.sharable_data.* .rela.gnu.linkonce.shrd.*)
 *(.rela.sharable_bss .rela.sharable_bss.* .rela.gnu.linkonce.shrb.*)
 .rela.sharable_bss
                0x0000000000000000        0x0 /usr/lib/gcc/x86_64-redhat-linux/4.4.7/../../../../lib64/crt1.o
 *(.rela.bss .rela.bss.* .rela.gnu.linkonce.b.*)
 .rela.bss      0x00000000004005c8       0x18 /usr/lib/gcc/x86_64-redhat-linux/4.4.7/../../../../lib64/crt1.o
 *(.rela.ldata .rela.ldata.* .rela.gnu.linkonce.l.*)
 *(.rela.lbss .rela.lbss.* .rela.gnu.linkonce.lb.*)
 *(.rela.lrodata .rela.lrodata.* .rela.gnu.linkonce.lr.*)
 *(.rela.ifunc)
 .rela.eh_frame
                0x0000000000000000        0x0 /usr/lib/gcc/x86_64-redhat-linux/4.4.7/../../../../lib64/crt1.o

.rela.plt       0x00000000004005e0       0xd8
 *(.rela.plt)
 .rela.plt      0x00000000004005e0       0xd8 /usr/lib/gcc/x86_64-redhat-linux/4.4.7/../../../../lib64/crt1.o
                0x00000000004006b8                PROVIDE (__rela_iplt_start, .)
 *(.rela.iplt)
 .rela.iplt     0x0000000000000000        0x0 /usr/lib/gcc/x86_64-redhat-linux/4.4.7/../../../../lib64/crt1.o
                0x00000000004006b8                PROVIDE (__rela_iplt_end, .)

.init           0x00000000004006b8       0x18
 *(.init)
 .init          0x00000000004006b8        0x9 /usr/lib/gcc/x86_64-redhat-linux/4.4.7/../../../../lib64/crti.o
                0x00000000004006b8                _init
 .init          0x00000000004006c1        0x5 /usr/lib/gcc/x86_64-redhat-linux/4.4.7/crtbegin.o
 .init          0x00000000004006c6        0x5 /usr/lib/gcc/x86_64-redhat-linux/4.4.7/crtend.o
 .init          0x00000000004006cb        0x5 /usr/lib/gcc/x86_64-redhat-linux/4.4.7/../../../../lib64/crtn.o

.plt            0x00000000004006d0       0xa0
 *(.plt)
 .plt           0x00000000004006d0       0xa0 /usr/lib/gcc/x86_64-redhat-linux/4.4.7/../../../../lib64/crt1.o
                0x00000000004006e0                _ZNSolsEi@@GLIBCXX_3.4
                0x00000000004006f0                _ZNSt8ios_base4InitC1Ev@@GLIBCXX_3.4
                0x0000000000400700                __libc_start_main@@GLIBC_2.2.5
                0x0000000000400710                __cxa_atexit@@GLIBC_2.2.5
                0x0000000000400720                _ZNSt8ios_base4InitD1Ev@@GLIBCXX_3.4
                0x0000000000400730                _ZStlsISt11char_traitsIcEERSt13basic_ostreamIcT_ES5_PKc@@GLIBCXX_3.4
                0x0000000000400740                _ZNSolsEPFRSoS_E@@GLIBCXX_3.4
                0x0000000000400750                _ZSt4endlIcSt11char_traitsIcEERSt13basic_ostreamIT_T0_ES6_@@GLIBCXX_3.4
                0x0000000000400760                __gxx_personality_v0@@CXXABI_1.3
 *(.iplt)
 .iplt          0x0000000000000000        0x0 /usr/lib/gcc/x86_64-redhat-linux/4.4.7/../../../../lib64/crt1.o

.text           0x0000000000400770      0x2b8
 *(.text.unlikely .text.*_unlikely)
 *(.text .stub .text.* .gnu.linkonce.t.*)
 .text          0x0000000000400770       0x2c /usr/lib/gcc/x86_64-redhat-linux/4.4.7/../../../../lib64/crt1.o
                0x0000000000400770                _start
 .text          0x000000000040079c       0x17 /usr/lib/gcc/x86_64-redhat-linux/4.4.7/../../../../lib64/crti.o
 *fill*         0x00000000004007b3        0xd 90909090
 .text          0x00000000004007c0       0x92 /usr/lib/gcc/x86_64-redhat-linux/4.4.7/crtbegin.o
 *fill*         0x0000000000400852        0x2 90909090
 .text          0x0000000000400854       0xf3 /tmp/cc8iFhLk.o
                0x0000000000400854                _Z7printIt7Ustructii
                0x0000000000400884                _Z7printIticc
                0x00000000004008d3                main
 *fill*         0x0000000000400947        0x9 90909090
 .text          0x0000000000400950       0x99 /usr/lib64/libc_nonshared.a(elf-init.oS)
                0x0000000000400950                __libc_csu_fini
                0x0000000000400960                __libc_csu_init
 *fill*         0x00000000004009e9        0x7 90909090
 .text          0x00000000004009f0       0x36 /usr/lib/gcc/x86_64-redhat-linux/4.4.7/crtend.o
 *fill*         0x0000000000400a26        0x2 90909090
 .text          0x0000000000400a28        0x0 /usr/lib/gcc/x86_64-redhat-linux/4.4.7/../../../../lib64/crtn.o
 *(.gnu.warning)

.fini           0x0000000000400a28        0xe
 *(.fini)
 .fini          0x0000000000400a28        0x4 /usr/lib/gcc/x86_64-redhat-linux/4.4.7/../../../../lib64/crti.o
                0x0000000000400a28                _fini
 .fini          0x0000000000400a2c        0x5 /usr/lib/gcc/x86_64-redhat-linux/4.4.7/crtbegin.o
 .fini          0x0000000000400a31        0x5 /usr/lib/gcc/x86_64-redhat-linux/4.4.7/../../../../lib64/crtn.o
                0x0000000000400a36                PROVIDE (__etext, .)
                0x0000000000400a36                PROVIDE (_etext, .)
                0x0000000000400a36                PROVIDE (etext, .)

.rodata         0x0000000000400a38       0x25
 *(.rodata .rodata.* .gnu.linkonce.r.*)
 .rodata.cst4   0x0000000000400a38        0x4 /usr/lib/gcc/x86_64-redhat-linux/4.4.7/../../../../lib64/crt1.o
                0x0000000000400a38                _IO_stdin_used
 *fill*         0x0000000000400a3c        0x4 00
 .rodata        0x0000000000400a40        0x8 /usr/lib/gcc/x86_64-redhat-linux/4.4.7/crtbegin.o
                0x0000000000400a40                __dso_handle
 .rodata        0x0000000000400a48       0x15 /tmp/cc8iFhLk.o

.rodata1
 *(.rodata1)

.eh_frame_hdr   0x0000000000400a60       0x44
 *(.eh_frame_hdr)
 .eh_frame_hdr  0x0000000000400a60       0x44 /tmp/cc8iFhLk.o

.eh_frame       0x0000000000400aa8      0x11c
 *(.eh_frame)
 .eh_frame      0x0000000000400aa8       0xc0 /tmp/cc8iFhLk.o
 .eh_frame      0x0000000000400b68       0x58 /usr/lib64/libc_nonshared.a(elf-init.oS)
 .eh_frame      0x0000000000400bc0        0x4 /usr/lib/gcc/x86_64-redhat-linux/4.4.7/crtend.o

.gcc_except_table
 *(.gcc_except_table .gcc_except_table.*)
                0x0000000000400bc4                . = (ALIGN (0x200000) - ((0x200000 - .) & 0x1fffff))
                0x0000000000600bc4                . = (0x200000 DATA_SEGMENT_ALIGN 0x1000)

.eh_frame
 *(.eh_frame)

.gcc_except_table
 *(.gcc_except_table .gcc_except_table.*)

.tdata
 *(.tdata .tdata.* .gnu.linkonce.td.*)

.tbss
 *(.tbss .tbss.* .gnu.linkonce.tb.*)
 *(.tcommon)

.preinit_array  0x0000000000600bc4        0x0
                0x0000000000600bc4                PROVIDE (__preinit_array_start, .)
 *(.preinit_array)
                0x0000000000600bc4                PROVIDE (__preinit_array_end, .)

.init_array     0x0000000000600bc4        0x0
                0x0000000000600bc4                PROVIDE (__init_array_start, .)
 *(SORT(.init_array.*))
 *(.init_array)
                0x0000000000600bc4                PROVIDE (__init_array_end, .)

.fini_array     0x0000000000600bc4        0x0
                0x0000000000600bc4                PROVIDE (__fini_array_start, .)
 *(.fini_array)
 *(SORT(.fini_array.*))
                0x0000000000600bc4                PROVIDE (__fini_array_end, .)

.ctors          0x0000000000600bc8       0x18
 *crtbegin.o(.ctors)
 .ctors         0x0000000000600bc8        0x8 /usr/lib/gcc/x86_64-redhat-linux/4.4.7/crtbegin.o
 *crtbegin?.o(.ctors)
 *(EXCLUDE_FILE(*crtend?.o *crtend.o) .ctors)
 .ctors         0x0000000000600bd0        0x8 /tmp/cc8iFhLk.o
 *(SORT(.ctors.*))
 *(.ctors)
 .ctors         0x0000000000600bd8        0x8 /usr/lib/gcc/x86_64-redhat-linux/4.4.7/crtend.o

.dtors          0x0000000000600be0       0x10
 *crtbegin.o(.dtors)
 .dtors         0x0000000000600be0        0x8 /usr/lib/gcc/x86_64-redhat-linux/4.4.7/crtbegin.o
 *crtbegin?.o(.dtors)
 *(EXCLUDE_FILE(*crtend?.o *crtend.o) .dtors)
 *(SORT(.dtors.*))
 *(.dtors)
 .dtors         0x0000000000600be8        0x8 /usr/lib/gcc/x86_64-redhat-linux/4.4.7/crtend.o
                0x0000000000600be8                __DTOR_END__

.jcr            0x0000000000600bf0        0x8
 *(.jcr)
 .jcr           0x0000000000600bf0        0x0 /usr/lib/gcc/x86_64-redhat-linux/4.4.7/crtbegin.o
 .jcr           0x0000000000600bf0        0x8 /usr/lib/gcc/x86_64-redhat-linux/4.4.7/crtend.o

.data.rel.ro
 *(.data.rel.ro.local* .gnu.linkonce.d.rel.ro.local.*)
 *(.data.rel.ro* .gnu.linkonce.d.rel.ro.*)

.dynamic        0x0000000000600bf8      0x1c0
 *(.dynamic)
 .dynamic       0x0000000000600bf8      0x1c0 /usr/lib/gcc/x86_64-redhat-linux/4.4.7/../../../../lib64/crt1.o
                0x0000000000600bf8                _DYNAMIC

.got            0x0000000000600db8        0x8
 *(.got)
 .got           0x0000000000600db8        0x8 /usr/lib/gcc/x86_64-redhat-linux/4.4.7/../../../../lib64/crt1.o
 *(.igot)
                0x0000000000600dc0                . = (. DATA_SEGMENT_RELRO_END 0x18)

.got.plt        0x0000000000600dc0       0x60
 *(.got.plt)
 .got.plt       0x0000000000600dc0       0x60 /usr/lib/gcc/x86_64-redhat-linux/4.4.7/../../../../lib64/crt1.o
                0x0000000000600dc0                _GLOBAL_OFFSET_TABLE_
 *(.igot.plt)
 .igot.plt      0x0000000000000000        0x0 /usr/lib/gcc/x86_64-redhat-linux/4.4.7/../../../../lib64/crt1.o

.data           0x0000000000600e20        0x4
 *(.data .data.* .gnu.linkonce.d.*)
 .data          0x0000000000600e20        0x4 /usr/lib/gcc/x86_64-redhat-linux/4.4.7/../../../../lib64/crt1.o
                0x0000000000600e20                data_start
                0x0000000000600e20                __data_start
 .data          0x0000000000600e24        0x0 /usr/lib/gcc/x86_64-redhat-linux/4.4.7/../../../../lib64/crti.o
 .data          0x0000000000600e24        0x0 /usr/lib/gcc/x86_64-redhat-linux/4.4.7/crtbegin.o
 .data          0x0000000000600e24        0x0 /tmp/cc8iFhLk.o
 .data          0x0000000000600e24        0x0 /usr/lib64/libc_nonshared.a(elf-init.oS)
 .data          0x0000000000600e24        0x0 /usr/lib/gcc/x86_64-redhat-linux/4.4.7/crtend.o
 .data          0x0000000000600e24        0x0 /usr/lib/gcc/x86_64-redhat-linux/4.4.7/../../../../lib64/crtn.o

.data1
 *(.data1)

.sharable_data  0x0000000000800000        0x0
                0x0000000000800000                PROVIDE (__sharable_data_start, .)
 *(.sharable_data .sharable_data.* .gnu.linkonce.shrd.*)
                0x0000000000800000                . = ALIGN ((. != 0x0)?0x200000:0x1)
                0x0000000000800000                PROVIDE (__sharable_data_end, .)
                0x0000000000800000                _edata = .
                0x0000000000800000                PROVIDE (edata, .)
                0x0000000000800000                __bss_start = .

.bss            0x0000000000600e40      0x128
 *(.dynbss)
 .dynbss        0x0000000000600e40      0x110 /usr/lib/gcc/x86_64-redhat-linux/4.4.7/../../../../lib64/crt1.o
                0x0000000000600e40                _ZSt4cout@@GLIBCXX_3.4
 *(.bss .bss.* .gnu.linkonce.b.*)
 .bss           0x0000000000600f50        0x0 /usr/lib/gcc/x86_64-redhat-linux/4.4.7/../../../../lib64/crt1.o
 .bss           0x0000000000600f50        0x0 /usr/lib/gcc/x86_64-redhat-linux/4.4.7/../../../../lib64/crti.o
 .bss           0x0000000000600f50       0x10 /usr/lib/gcc/x86_64-redhat-linux/4.4.7/crtbegin.o
 .bss           0x0000000000600f60        0x1 /tmp/cc8iFhLk.o
 *fill*         0x0000000000600f61        0x3 00
 .bss           0x0000000000600f64        0x0 /usr/lib64/libc_nonshared.a(elf-init.oS)
 .bss           0x0000000000600f64        0x0 /usr/lib/gcc/x86_64-redhat-linux/4.4.7/crtend.o
 .bss           0x0000000000600f64        0x0 /usr/lib/gcc/x86_64-redhat-linux/4.4.7/../../../../lib64/crtn.o
 *(COMMON)
                0x0000000000600f68                . = ALIGN ((. != 0x0)?0x8:0x1)
 *fill*         0x0000000000600f64        0x4 00

.lbss
 *(.dynlbss)
 *(.lbss .lbss.* .gnu.linkonce.lb.*)
 *(LARGE_COMMON)

.sharable_bss   0x0000000000800000        0x0
                0x0000000000800000                PROVIDE (__sharable_bss_start, .)
 *(.dynsharablebss)
 .dynsharablebss
                0x0000000000000000        0x0 /usr/lib/gcc/x86_64-redhat-linux/4.4.7/../../../../lib64/crt1.o
 *(.sharable_bss .sharable_bss.* .gnu.linkonce.shrb.*)
 *(SHARABLE_COMMON)
                0x0000000000800000                . = ALIGN ((. != 0x0)?0x200000:0x1)
                0x0000000000800000                PROVIDE (__sharable_bss_end, .)
                0x0000000000800000                . = ALIGN (0x8)

.lrodata
 *(.lrodata .lrodata.* .gnu.linkonce.lr.*)

.ldata          0x0000000000a00f68        0x0
 *(.ldata .ldata.* .gnu.linkonce.l.*)
                0x0000000000a00f68                . = ALIGN ((. != 0x0)?0x8:0x1)
                0x0000000000a00f68                . = ALIGN (0x8)
                0x0000000000a00f68                _end = .
                0x0000000000a00f68                PROVIDE (end, .)
                0x0000000000a00f68                . = DATA_SEGMENT_END (.)

.stab
 *(.stab)

.stabstr
 *(.stabstr)

.stab.excl
 *(.stab.excl)

.stab.exclstr
 *(.stab.exclstr)

.stab.index
 *(.stab.index)

.stab.indexstr
 *(.stab.indexstr)

.comment        0x0000000000000000       0x58
 *(.comment)
 .comment       0x0000000000000000       0x2c /usr/lib/gcc/x86_64-redhat-linux/4.4.7/../../../../lib64/crt1.o
                                         0x2d (size before relaxing)
 .comment       0x0000000000000000       0x2d /usr/lib/gcc/x86_64-redhat-linux/4.4.7/../../../../lib64/crti.o
 .comment       0x000000000000002c       0x2c /usr/lib/gcc/x86_64-redhat-linux/4.4.7/crtbegin.o
                                         0x2d (size before relaxing)
 .comment       0x0000000000000000       0x2d /tmp/cc8iFhLk.o
 .comment       0x0000000000000000       0x2d /usr/lib64/libc_nonshared.a(elf-init.oS)
 .comment       0x0000000000000000       0x2d /usr/lib/gcc/x86_64-redhat-linux/4.4.7/crtend.o
 .comment       0x0000000000000000       0x2d /usr/lib/gcc/x86_64-redhat-linux/4.4.7/../../../../lib64/crtn.o

.debug
 *(.debug)

.line
 *(.line)

.debug_srcinfo
 *(.debug_srcinfo)

.debug_sfnames
 *(.debug_sfnames)

.debug_aranges
 *(.debug_aranges)

.debug_pubnames
 *(.debug_pubnames)

.debug_info
 *(.debug_info .gnu.linkonce.wi.*)

.debug_abbrev
 *(.debug_abbrev)

.debug_line
 *(.debug_line)

.debug_frame
 *(.debug_frame)

.debug_str
 *(.debug_str)

.debug_loc
 *(.debug_loc)

.debug_macinfo
 *(.debug_macinfo)

.debug_weaknames
 *(.debug_weaknames)

.debug_funcnames
 *(.debug_funcnames)

.debug_typenames
 *(.debug_typenames)

.debug_varnames
 *(.debug_varnames)

.debug_pubtypes
 *(.debug_pubtypes)

.debug_ranges
 *(.debug_ranges)

.gnu.attributes
 *(.gnu.attributes)

/DISCARD/
 *(.note.GNU-stack)
 *(.gnu_debuglink)
 *(.gnu.lto_*)
OUTPUT(a.out elf64-x86-64)
